[0.065s] DEBUG:colcon:Command line arguments: ['/usr/bin/colcon', 'build']
[0.065s] DEBUG:colcon:Parsed command line arguments: Namespace(log_base=None, log_level=None, verb_name='build', build_base='build', install_base='install', merge_install=False, symlink_install=False, test_result_base=None, continue_on_error=False, executor='parallel', parallel_workers=22, event_handlers=None, ignore_user_meta=False, metas=['./colcon.meta'], base_paths=['.'], packages_ignore=None, packages_ignore_regex=None, paths=None, packages_up_to=None, packages_up_to_regex=None, packages_above=None, packages_above_and_dependencies=None, packages_above_depth=None, packages_select_by_dep=None, packages_skip_by_dep=None, packages_skip_up_to=None, packages_select_build_failed=False, packages_skip_build_finished=False, packages_select_test_failures=False, packages_skip_test_passed=False, packages_select=None, packages_skip=None, packages_select_regex=None, packages_skip_regex=None, packages_start=None, packages_end=None, allow_overriding=[], cmake_args=None, cmake_target=None, cmake_target_skip_unavailable=False, cmake_clean_cache=False, cmake_clean_first=False, cmake_force_configure=False, ament_cmake_args=None, catkin_cmake_args=None, catkin_skip_building_tests=False, mixin_files=None, mixin=None, verb_parser=<colcon_mixin.mixin.mixin_argument.MixinArgumentDecorator object at 0x6ffe51a72aa0>, verb_extension=<colcon_core.verb.build.BuildVerb object at 0x6ffe51a72320>, main=<bound method BuildVerb.main of <colcon_core.verb.build.BuildVerb object at 0x6ffe51a72320>>, mixin_verb=('build',))
[0.155s] Level 1:colcon.colcon_core.package_discovery:discover_packages(colcon_meta) check parameters
[0.155s] Level 1:colcon.colcon_core.package_discovery:discover_packages(recursive) check parameters
[0.155s] Level 1:colcon.colcon_core.package_discovery:discover_packages(ignore) check parameters
[0.155s] Level 1:colcon.colcon_core.package_discovery:discover_packages(path) check parameters
[0.155s] Level 1:colcon.colcon_core.package_discovery:discover_packages(colcon_meta) discover
[0.155s] Level 1:colcon.colcon_core.package_discovery:discover_packages(recursive) discover
[0.155s] INFO:colcon.colcon_core.package_discovery:Crawling recursively for packages in '/home/connau/srp/birdview'
[0.155s] Level 1:colcon.colcon_core.package_identification:_identify(.) by extensions ['ignore', 'ignore_ament_install']
[0.155s] Level 1:colcon.colcon_core.package_identification:_identify(.) by extension 'ignore'
[0.156s] Level 1:colcon.colcon_core.package_identification:_identify(.) by extension 'ignore_ament_install'
[0.156s] Level 1:colcon.colcon_core.package_identification:_identify(.) by extensions ['colcon_pkg']
[0.156s] Level 1:colcon.colcon_core.package_identification:_identify(.) by extension 'colcon_pkg'
[0.156s] Level 1:colcon.colcon_core.package_identification:_identify(.) by extensions ['colcon_meta']
[0.156s] Level 1:colcon.colcon_core.package_identification:_identify(.) by extension 'colcon_meta'
[0.156s] Level 1:colcon.colcon_core.package_identification:_identify(.) by extensions ['ros']
[0.156s] Level 1:colcon.colcon_core.package_identification:_identify(.) by extension 'ros'
[0.161s] Level 1:colcon.colcon_core.package_identification:_identify(.) by extensions ['cmake', 'python']
[0.161s] Level 1:colcon.colcon_core.package_identification:_identify(.) by extension 'cmake'
[0.161s] Level 1:colcon.colcon_core.package_identification:_identify(.) by extension 'python'
[0.161s] Level 1:colcon.colcon_core.package_identification:_identify(.) by extensions ['python_setup_py']
[0.161s] Level 1:colcon.colcon_core.package_identification:_identify(.) by extension 'python_setup_py'
[0.162s] Level 1:colcon.colcon_core.package_identification:_identify(__pycache__) by extensions ['ignore', 'ignore_ament_install']
[0.162s] Level 1:colcon.colcon_core.package_identification:_identify(__pycache__) by extension 'ignore'
[0.162s] Level 1:colcon.colcon_core.package_identification:_identify(__pycache__) by extension 'ignore_ament_install'
[0.162s] Level 1:colcon.colcon_core.package_identification:_identify(__pycache__) by extensions ['colcon_pkg']
[0.162s] Level 1:colcon.colcon_core.package_identification:_identify(__pycache__) by extension 'colcon_pkg'
[0.162s] Level 1:colcon.colcon_core.package_identification:_identify(__pycache__) by extensions ['colcon_meta']
[0.162s] Level 1:colcon.colcon_core.package_identification:_identify(__pycache__) by extension 'colcon_meta'
[0.162s] Level 1:colcon.colcon_core.package_identification:_identify(__pycache__) by extensions ['ros']
[0.162s] Level 1:colcon.colcon_core.package_identification:_identify(__pycache__) by extension 'ros'
[0.162s] Level 1:colcon.colcon_core.package_identification:_identify(__pycache__) by extensions ['cmake', 'python']
[0.162s] Level 1:colcon.colcon_core.package_identification:_identify(__pycache__) by extension 'cmake'
[0.162s] Level 1:colcon.colcon_core.package_identification:_identify(__pycache__) by extension 'python'
[0.162s] Level 1:colcon.colcon_core.package_identification:_identify(__pycache__) by extensions ['python_setup_py']
[0.162s] Level 1:colcon.colcon_core.package_identification:_identify(__pycache__) by extension 'python_setup_py'
[0.162s] Level 1:colcon.colcon_core.package_identification:_identify(build) by extensions ['ignore', 'ignore_ament_install']
[0.162s] Level 1:colcon.colcon_core.package_identification:_identify(build) by extension 'ignore'
[0.162s] Level 1:colcon.colcon_core.package_identification:_identify(build) ignored
[0.162s] Level 1:colcon.colcon_core.package_identification:_identify(hummer_path) by extensions ['ignore', 'ignore_ament_install']
[0.162s] Level 1:colcon.colcon_core.package_identification:_identify(hummer_path) by extension 'ignore'
[0.162s] Level 1:colcon.colcon_core.package_identification:_identify(hummer_path) by extension 'ignore_ament_install'
[0.162s] Level 1:colcon.colcon_core.package_identification:_identify(hummer_path) by extensions ['colcon_pkg']
[0.162s] Level 1:colcon.colcon_core.package_identification:_identify(hummer_path) by extension 'colcon_pkg'
[0.162s] Level 1:colcon.colcon_core.package_identification:_identify(hummer_path) by extensions ['colcon_meta']
[0.162s] Level 1:colcon.colcon_core.package_identification:_identify(hummer_path) by extension 'colcon_meta'
[0.162s] Level 1:colcon.colcon_core.package_identification:_identify(hummer_path) by extensions ['ros']
[0.162s] Level 1:colcon.colcon_core.package_identification:_identify(hummer_path) by extension 'ros'
[0.162s] Level 1:colcon.colcon_core.package_identification:_identify(hummer_path) by extensions ['cmake', 'python']
[0.162s] Level 1:colcon.colcon_core.package_identification:_identify(hummer_path) by extension 'cmake'
[0.162s] Level 1:colcon.colcon_core.package_identification:_identify(hummer_path) by extension 'python'
[0.162s] Level 1:colcon.colcon_core.package_identification:_identify(hummer_path) by extensions ['python_setup_py']
[0.162s] Level 1:colcon.colcon_core.package_identification:_identify(hummer_path) by extension 'python_setup_py'
[0.162s] Level 1:colcon.colcon_core.package_identification:_identify(hummer_path_cp) by extensions ['ignore', 'ignore_ament_install']
[0.162s] Level 1:colcon.colcon_core.package_identification:_identify(hummer_path_cp) by extension 'ignore'
[0.162s] Level 1:colcon.colcon_core.package_identification:_identify(hummer_path_cp) by extension 'ignore_ament_install'
[0.162s] Level 1:colcon.colcon_core.package_identification:_identify(hummer_path_cp) by extensions ['colcon_pkg']
[0.162s] Level 1:colcon.colcon_core.package_identification:_identify(hummer_path_cp) by extension 'colcon_pkg'
[0.162s] Level 1:colcon.colcon_core.package_identification:_identify(hummer_path_cp) by extensions ['colcon_meta']
[0.162s] Level 1:colcon.colcon_core.package_identification:_identify(hummer_path_cp) by extension 'colcon_meta'
[0.162s] Level 1:colcon.colcon_core.package_identification:_identify(hummer_path_cp) by extensions ['ros']
[0.162s] Level 1:colcon.colcon_core.package_identification:_identify(hummer_path_cp) by extension 'ros'
[0.162s] Level 1:colcon.colcon_core.package_identification:_identify(hummer_path_cp) by extensions ['cmake', 'python']
[0.162s] Level 1:colcon.colcon_core.package_identification:_identify(hummer_path_cp) by extension 'cmake'
[0.163s] Level 1:colcon.colcon_core.package_identification:_identify(hummer_path_cp) by extension 'python'
[0.163s] Level 1:colcon.colcon_core.package_identification:_identify(hummer_path_cp) by extensions ['python_setup_py']
[0.163s] Level 1:colcon.colcon_core.package_identification:_identify(hummer_path_cp) by extension 'python_setup_py'
[0.163s] Level 1:colcon.colcon_core.package_identification:_identify(hummer_path_cp/path_data) by extensions ['ignore', 'ignore_ament_install']
[0.163s] Level 1:colcon.colcon_core.package_identification:_identify(hummer_path_cp/path_data) by extension 'ignore'
[0.163s] Level 1:colcon.colcon_core.package_identification:_identify(hummer_path_cp/path_data) by extension 'ignore_ament_install'
[0.163s] Level 1:colcon.colcon_core.package_identification:_identify(hummer_path_cp/path_data) by extensions ['colcon_pkg']
[0.163s] Level 1:colcon.colcon_core.package_identification:_identify(hummer_path_cp/path_data) by extension 'colcon_pkg'
[0.163s] Level 1:colcon.colcon_core.package_identification:_identify(hummer_path_cp/path_data) by extensions ['colcon_meta']
[0.163s] Level 1:colcon.colcon_core.package_identification:_identify(hummer_path_cp/path_data) by extension 'colcon_meta'
[0.163s] Level 1:colcon.colcon_core.package_identification:_identify(hummer_path_cp/path_data) by extensions ['ros']
[0.163s] Level 1:colcon.colcon_core.package_identification:_identify(hummer_path_cp/path_data) by extension 'ros'
[0.163s] Level 1:colcon.colcon_core.package_identification:_identify(hummer_path_cp/path_data) by extensions ['cmake', 'python']
[0.163s] Level 1:colcon.colcon_core.package_identification:_identify(hummer_path_cp/path_data) by extension 'cmake'
[0.163s] Level 1:colcon.colcon_core.package_identification:_identify(hummer_path_cp/path_data) by extension 'python'
[0.163s] Level 1:colcon.colcon_core.package_identification:_identify(hummer_path_cp/path_data) by extensions ['python_setup_py']
[0.163s] Level 1:colcon.colcon_core.package_identification:_identify(hummer_path_cp/path_data) by extension 'python_setup_py'
[0.163s] Level 1:colcon.colcon_core.package_identification:_identify(hummer_path_test_left) by extensions ['ignore', 'ignore_ament_install']
[0.163s] Level 1:colcon.colcon_core.package_identification:_identify(hummer_path_test_left) by extension 'ignore'
[0.163s] Level 1:colcon.colcon_core.package_identification:_identify(hummer_path_test_left) by extension 'ignore_ament_install'
[0.163s] Level 1:colcon.colcon_core.package_identification:_identify(hummer_path_test_left) by extensions ['colcon_pkg']
[0.163s] Level 1:colcon.colcon_core.package_identification:_identify(hummer_path_test_left) by extension 'colcon_pkg'
[0.163s] Level 1:colcon.colcon_core.package_identification:_identify(hummer_path_test_left) by extensions ['colcon_meta']
[0.163s] Level 1:colcon.colcon_core.package_identification:_identify(hummer_path_test_left) by extension 'colcon_meta'
[0.163s] Level 1:colcon.colcon_core.package_identification:_identify(hummer_path_test_left) by extensions ['ros']
[0.163s] Level 1:colcon.colcon_core.package_identification:_identify(hummer_path_test_left) by extension 'ros'
[0.163s] Level 1:colcon.colcon_core.package_identification:_identify(hummer_path_test_left) by extensions ['cmake', 'python']
[0.163s] Level 1:colcon.colcon_core.package_identification:_identify(hummer_path_test_left) by extension 'cmake'
[0.163s] Level 1:colcon.colcon_core.package_identification:_identify(hummer_path_test_left) by extension 'python'
[0.163s] Level 1:colcon.colcon_core.package_identification:_identify(hummer_path_test_left) by extensions ['python_setup_py']
[0.163s] Level 1:colcon.colcon_core.package_identification:_identify(hummer_path_test_left) by extension 'python_setup_py'
[0.163s] Level 1:colcon.colcon_core.package_identification:_identify(hummer_path_test_right) by extensions ['ignore', 'ignore_ament_install']
[0.163s] Level 1:colcon.colcon_core.package_identification:_identify(hummer_path_test_right) by extension 'ignore'
[0.163s] Level 1:colcon.colcon_core.package_identification:_identify(hummer_path_test_right) by extension 'ignore_ament_install'
[0.163s] Level 1:colcon.colcon_core.package_identification:_identify(hummer_path_test_right) by extensions ['colcon_pkg']
[0.163s] Level 1:colcon.colcon_core.package_identification:_identify(hummer_path_test_right) by extension 'colcon_pkg'
[0.163s] Level 1:colcon.colcon_core.package_identification:_identify(hummer_path_test_right) by extensions ['colcon_meta']
[0.163s] Level 1:colcon.colcon_core.package_identification:_identify(hummer_path_test_right) by extension 'colcon_meta'
[0.163s] Level 1:colcon.colcon_core.package_identification:_identify(hummer_path_test_right) by extensions ['ros']
[0.163s] Level 1:colcon.colcon_core.package_identification:_identify(hummer_path_test_right) by extension 'ros'
[0.163s] Level 1:colcon.colcon_core.package_identification:_identify(hummer_path_test_right) by extensions ['cmake', 'python']
[0.163s] Level 1:colcon.colcon_core.package_identification:_identify(hummer_path_test_right) by extension 'cmake'
[0.163s] Level 1:colcon.colcon_core.package_identification:_identify(hummer_path_test_right) by extension 'python'
[0.163s] Level 1:colcon.colcon_core.package_identification:_identify(hummer_path_test_right) by extensions ['python_setup_py']
[0.163s] Level 1:colcon.colcon_core.package_identification:_identify(hummer_path_test_right) by extension 'python_setup_py'
[0.164s] Level 1:colcon.colcon_core.package_identification:_identify(install) by extensions ['ignore', 'ignore_ament_install']
[0.164s] Level 1:colcon.colcon_core.package_identification:_identify(install) by extension 'ignore'
[0.164s] Level 1:colcon.colcon_core.package_identification:_identify(install) ignored
[0.164s] Level 1:colcon.colcon_core.package_identification:_identify(log) by extensions ['ignore', 'ignore_ament_install']
[0.164s] Level 1:colcon.colcon_core.package_identification:_identify(log) by extension 'ignore'
[0.164s] Level 1:colcon.colcon_core.package_identification:_identify(log) ignored
[0.164s] Level 1:colcon.colcon_core.package_identification:_identify(static) by extensions ['ignore', 'ignore_ament_install']
[0.164s] Level 1:colcon.colcon_core.package_identification:_identify(static) by extension 'ignore'
[0.164s] Level 1:colcon.colcon_core.package_identification:_identify(static) by extension 'ignore_ament_install'
[0.164s] Level 1:colcon.colcon_core.package_identification:_identify(static) by extensions ['colcon_pkg']
[0.164s] Level 1:colcon.colcon_core.package_identification:_identify(static) by extension 'colcon_pkg'
[0.164s] Level 1:colcon.colcon_core.package_identification:_identify(static) by extensions ['colcon_meta']
[0.164s] Level 1:colcon.colcon_core.package_identification:_identify(static) by extension 'colcon_meta'
[0.164s] Level 1:colcon.colcon_core.package_identification:_identify(static) by extensions ['ros']
[0.164s] Level 1:colcon.colcon_core.package_identification:_identify(static) by extension 'ros'
[0.164s] Level 1:colcon.colcon_core.package_identification:_identify(static) by extensions ['cmake', 'python']
[0.164s] Level 1:colcon.colcon_core.package_identification:_identify(static) by extension 'cmake'
[0.164s] Level 1:colcon.colcon_core.package_identification:_identify(static) by extension 'python'
[0.164s] Level 1:colcon.colcon_core.package_identification:_identify(static) by extensions ['python_setup_py']
[0.164s] Level 1:colcon.colcon_core.package_identification:_identify(static) by extension 'python_setup_py'
[0.164s] Level 1:colcon.colcon_core.package_identification:_identify(templates) by extensions ['ignore', 'ignore_ament_install']
[0.164s] Level 1:colcon.colcon_core.package_identification:_identify(templates) by extension 'ignore'
[0.164s] Level 1:colcon.colcon_core.package_identification:_identify(templates) by extension 'ignore_ament_install'
[0.164s] Level 1:colcon.colcon_core.package_identification:_identify(templates) by extensions ['colcon_pkg']
[0.164s] Level 1:colcon.colcon_core.package_identification:_identify(templates) by extension 'colcon_pkg'
[0.164s] Level 1:colcon.colcon_core.package_identification:_identify(templates) by extensions ['colcon_meta']
[0.164s] Level 1:colcon.colcon_core.package_identification:_identify(templates) by extension 'colcon_meta'
[0.164s] Level 1:colcon.colcon_core.package_identification:_identify(templates) by extensions ['ros']
[0.164s] Level 1:colcon.colcon_core.package_identification:_identify(templates) by extension 'ros'
[0.164s] Level 1:colcon.colcon_core.package_identification:_identify(templates) by extensions ['cmake', 'python']
[0.164s] Level 1:colcon.colcon_core.package_identification:_identify(templates) by extension 'cmake'
[0.164s] Level 1:colcon.colcon_core.package_identification:_identify(templates) by extension 'python'
[0.164s] Level 1:colcon.colcon_core.package_identification:_identify(templates) by extensions ['python_setup_py']
[0.164s] Level 1:colcon.colcon_core.package_identification:_identify(templates) by extension 'python_setup_py'
[0.164s] Level 1:colcon.colcon_core.package_identification:_identify(testing_logs_0730) by extensions ['ignore', 'ignore_ament_install']
[0.164s] Level 1:colcon.colcon_core.package_identification:_identify(testing_logs_0730) by extension 'ignore'
[0.164s] Level 1:colcon.colcon_core.package_identification:_identify(testing_logs_0730) by extension 'ignore_ament_install'
[0.164s] Level 1:colcon.colcon_core.package_identification:_identify(testing_logs_0730) by extensions ['colcon_pkg']
[0.164s] Level 1:colcon.colcon_core.package_identification:_identify(testing_logs_0730) by extension 'colcon_pkg'
[0.164s] Level 1:colcon.colcon_core.package_identification:_identify(testing_logs_0730) by extensions ['colcon_meta']
[0.164s] Level 1:colcon.colcon_core.package_identification:_identify(testing_logs_0730) by extension 'colcon_meta'
[0.164s] Level 1:colcon.colcon_core.package_identification:_identify(testing_logs_0730) by extensions ['ros']
[0.164s] Level 1:colcon.colcon_core.package_identification:_identify(testing_logs_0730) by extension 'ros'
[0.164s] Level 1:colcon.colcon_core.package_identification:_identify(testing_logs_0730) by extensions ['cmake', 'python']
[0.164s] Level 1:colcon.colcon_core.package_identification:_identify(testing_logs_0730) by extension 'cmake'
[0.164s] Level 1:colcon.colcon_core.package_identification:_identify(testing_logs_0730) by extension 'python'
[0.164s] Level 1:colcon.colcon_core.package_identification:_identify(testing_logs_0730) by extensions ['python_setup_py']
[0.164s] Level 1:colcon.colcon_core.package_identification:_identify(testing_logs_0730) by extension 'python_setup_py'
[0.165s] Level 1:colcon.colcon_core.package_identification:_identify(testing_logs_0730/logging_track1) by extensions ['ignore', 'ignore_ament_install']
[0.165s] Level 1:colcon.colcon_core.package_identification:_identify(testing_logs_0730/logging_track1) by extension 'ignore'
[0.165s] Level 1:colcon.colcon_core.package_identification:_identify(testing_logs_0730/logging_track1) by extension 'ignore_ament_install'
[0.165s] Level 1:colcon.colcon_core.package_identification:_identify(testing_logs_0730/logging_track1) by extensions ['colcon_pkg']
[0.165s] Level 1:colcon.colcon_core.package_identification:_identify(testing_logs_0730/logging_track1) by extension 'colcon_pkg'
[0.165s] Level 1:colcon.colcon_core.package_identification:_identify(testing_logs_0730/logging_track1) by extensions ['colcon_meta']
[0.165s] Level 1:colcon.colcon_core.package_identification:_identify(testing_logs_0730/logging_track1) by extension 'colcon_meta'
[0.165s] Level 1:colcon.colcon_core.package_identification:_identify(testing_logs_0730/logging_track1) by extensions ['ros']
[0.165s] Level 1:colcon.colcon_core.package_identification:_identify(testing_logs_0730/logging_track1) by extension 'ros'
[0.165s] Level 1:colcon.colcon_core.package_identification:_identify(testing_logs_0730/logging_track1) by extensions ['cmake', 'python']
[0.165s] Level 1:colcon.colcon_core.package_identification:_identify(testing_logs_0730/logging_track1) by extension 'cmake'
[0.165s] Level 1:colcon.colcon_core.package_identification:_identify(testing_logs_0730/logging_track1) by extension 'python'
[0.165s] Level 1:colcon.colcon_core.package_identification:_identify(testing_logs_0730/logging_track1) by extensions ['python_setup_py']
[0.165s] Level 1:colcon.colcon_core.package_identification:_identify(testing_logs_0730/logging_track1) by extension 'python_setup_py'
[0.165s] Level 1:colcon.colcon_core.package_identification:_identify(testing_logs_0730/logging_track2) by extensions ['ignore', 'ignore_ament_install']
[0.165s] Level 1:colcon.colcon_core.package_identification:_identify(testing_logs_0730/logging_track2) by extension 'ignore'
[0.165s] Level 1:colcon.colcon_core.package_identification:_identify(testing_logs_0730/logging_track2) by extension 'ignore_ament_install'
[0.165s] Level 1:colcon.colcon_core.package_identification:_identify(testing_logs_0730/logging_track2) by extensions ['colcon_pkg']
[0.165s] Level 1:colcon.colcon_core.package_identification:_identify(testing_logs_0730/logging_track2) by extension 'colcon_pkg'
[0.165s] Level 1:colcon.colcon_core.package_identification:_identify(testing_logs_0730/logging_track2) by extensions ['colcon_meta']
[0.165s] Level 1:colcon.colcon_core.package_identification:_identify(testing_logs_0730/logging_track2) by extension 'colcon_meta'
[0.165s] Level 1:colcon.colcon_core.package_identification:_identify(testing_logs_0730/logging_track2) by extensions ['ros']
[0.165s] Level 1:colcon.colcon_core.package_identification:_identify(testing_logs_0730/logging_track2) by extension 'ros'
[0.165s] Level 1:colcon.colcon_core.package_identification:_identify(testing_logs_0730/logging_track2) by extensions ['cmake', 'python']
[0.165s] Level 1:colcon.colcon_core.package_identification:_identify(testing_logs_0730/logging_track2) by extension 'cmake'
[0.165s] Level 1:colcon.colcon_core.package_identification:_identify(testing_logs_0730/logging_track2) by extension 'python'
[0.165s] Level 1:colcon.colcon_core.package_identification:_identify(testing_logs_0730/logging_track2) by extensions ['python_setup_py']
[0.165s] Level 1:colcon.colcon_core.package_identification:_identify(testing_logs_0730/logging_track2) by extension 'python_setup_py'
[0.165s] Level 1:colcon.colcon_core.package_identification:_identify(testing_logs_0730/parking_test1_0730) by extensions ['ignore', 'ignore_ament_install']
[0.165s] Level 1:colcon.colcon_core.package_identification:_identify(testing_logs_0730/parking_test1_0730) by extension 'ignore'
[0.165s] Level 1:colcon.colcon_core.package_identification:_identify(testing_logs_0730/parking_test1_0730) by extension 'ignore_ament_install'
[0.165s] Level 1:colcon.colcon_core.package_identification:_identify(testing_logs_0730/parking_test1_0730) by extensions ['colcon_pkg']
[0.165s] Level 1:colcon.colcon_core.package_identification:_identify(testing_logs_0730/parking_test1_0730) by extension 'colcon_pkg'
[0.165s] Level 1:colcon.colcon_core.package_identification:_identify(testing_logs_0730/parking_test1_0730) by extensions ['colcon_meta']
[0.165s] Level 1:colcon.colcon_core.package_identification:_identify(testing_logs_0730/parking_test1_0730) by extension 'colcon_meta'
[0.165s] Level 1:colcon.colcon_core.package_identification:_identify(testing_logs_0730/parking_test1_0730) by extensions ['ros']
[0.165s] Level 1:colcon.colcon_core.package_identification:_identify(testing_logs_0730/parking_test1_0730) by extension 'ros'
[0.165s] Level 1:colcon.colcon_core.package_identification:_identify(testing_logs_0730/parking_test1_0730) by extensions ['cmake', 'python']
[0.165s] Level 1:colcon.colcon_core.package_identification:_identify(testing_logs_0730/parking_test1_0730) by extension 'cmake'
[0.165s] Level 1:colcon.colcon_core.package_identification:_identify(testing_logs_0730/parking_test1_0730) by extension 'python'
[0.165s] Level 1:colcon.colcon_core.package_identification:_identify(testing_logs_0730/parking_test1_0730) by extensions ['python_setup_py']
[0.165s] Level 1:colcon.colcon_core.package_identification:_identify(testing_logs_0730/parking_test1_0730) by extension 'python_setup_py'
[0.165s] Level 1:colcon.colcon_core.package_identification:_identify(testing_logs_0730/parking_test2_0730) by extensions ['ignore', 'ignore_ament_install']
[0.165s] Level 1:colcon.colcon_core.package_identification:_identify(testing_logs_0730/parking_test2_0730) by extension 'ignore'
[0.165s] Level 1:colcon.colcon_core.package_identification:_identify(testing_logs_0730/parking_test2_0730) by extension 'ignore_ament_install'
[0.165s] Level 1:colcon.colcon_core.package_identification:_identify(testing_logs_0730/parking_test2_0730) by extensions ['colcon_pkg']
[0.165s] Level 1:colcon.colcon_core.package_identification:_identify(testing_logs_0730/parking_test2_0730) by extension 'colcon_pkg'
[0.165s] Level 1:colcon.colcon_core.package_identification:_identify(testing_logs_0730/parking_test2_0730) by extensions ['colcon_meta']
[0.165s] Level 1:colcon.colcon_core.package_identification:_identify(testing_logs_0730/parking_test2_0730) by extension 'colcon_meta'
[0.165s] Level 1:colcon.colcon_core.package_identification:_identify(testing_logs_0730/parking_test2_0730) by extensions ['ros']
[0.166s] Level 1:colcon.colcon_core.package_identification:_identify(testing_logs_0730/parking_test2_0730) by extension 'ros'
[0.166s] Level 1:colcon.colcon_core.package_identification:_identify(testing_logs_0730/parking_test2_0730) by extensions ['cmake', 'python']
[0.166s] Level 1:colcon.colcon_core.package_identification:_identify(testing_logs_0730/parking_test2_0730) by extension 'cmake'
[0.166s] Level 1:colcon.colcon_core.package_identification:_identify(testing_logs_0730/parking_test2_0730) by extension 'python'
[0.166s] Level 1:colcon.colcon_core.package_identification:_identify(testing_logs_0730/parking_test2_0730) by extensions ['python_setup_py']
[0.166s] Level 1:colcon.colcon_core.package_identification:_identify(testing_logs_0730/parking_test2_0730) by extension 'python_setup_py'
[0.166s] Level 1:colcon.colcon_core.package_discovery:discover_packages(recursive) using defaults
[0.166s] Level 1:colcon.colcon_core.package_discovery:discover_packages(ignore) discover
[0.166s] Level 1:colcon.colcon_core.package_discovery:discover_packages(ignore) using defaults
[0.166s] Level 1:colcon.colcon_core.package_discovery:discover_packages(path) discover
[0.166s] Level 1:colcon.colcon_core.package_discovery:discover_packages(path) using defaults
[0.183s] Level 1:colcon.colcon_core.package_discovery:discover_packages(prefix_path) check parameters
[0.183s] Level 1:colcon.colcon_core.package_discovery:discover_packages(prefix_path) discover
[0.184s] DEBUG:colcon.colcon_installed_package_information.package_discovery:Found 2 installed packages in /home/connau/SecWorkspace/install
[0.184s] DEBUG:colcon.colcon_installed_package_information.package_discovery:Found 3 installed packages in /home/connau/ConnAu/ros_ws/install
[0.185s] DEBUG:colcon.colcon_installed_package_information.package_discovery:Found 294 installed packages in /opt/ros/humble
[0.186s] Level 1:colcon.colcon_core.package_discovery:discover_packages(prefix_path) using defaults
[0.207s] INFO:colcon.colcon_core.executor:Executing jobs using 'parallel' executor
[0.208s] DEBUG:colcon.colcon_parallel_executor.executor.parallel:run_until_complete
[0.209s] DEBUG:colcon.colcon_parallel_executor.executor.parallel:closing loop
[0.209s] DEBUG:colcon.colcon_parallel_executor.executor.parallel:loop closed
[0.209s] DEBUG:colcon.colcon_parallel_executor.executor.parallel:run_until_complete finished with '0'
[0.209s] DEBUG:colcon.colcon_core.event_reactor:joining thread
[0.213s] INFO:colcon.colcon_core.plugin_system:Skipping extension 'colcon_notification.desktop_notification.terminal_notifier': Not used on non-Darwin systems
[0.213s] INFO:colcon.colcon_core.plugin_system:Skipping extension 'colcon_notification.desktop_notification.win32': Not used on non-Windows systems
[0.213s] INFO:colcon.colcon_notification.desktop_notification:Sending desktop notification using 'notify2'
[0.221s] DEBUG:colcon.colcon_core.event_reactor:joined thread
[0.222s] INFO:colcon.colcon_core.plugin_system:Skipping extension 'colcon_core.shell.bat': Not used on non-Windows systems
[0.222s] INFO:colcon.colcon_core.shell:Creating prefix script '/home/connau/srp/birdview/install/local_setup.ps1'
[0.222s] INFO:colcon.colcon_core.shell:Creating prefix util module '/home/connau/srp/birdview/install/_local_setup_util_ps1.py'
[0.224s] INFO:colcon.colcon_core.shell:Creating prefix chain script '/home/connau/srp/birdview/install/setup.ps1'
[0.224s] INFO:colcon.colcon_core.shell:Creating prefix script '/home/connau/srp/birdview/install/local_setup.sh'
[0.225s] INFO:colcon.colcon_core.shell:Creating prefix util module '/home/connau/srp/birdview/install/_local_setup_util_sh.py'
[0.225s] INFO:colcon.colcon_core.shell:Creating prefix chain script '/home/connau/srp/birdview/install/setup.sh'
[0.226s] INFO:colcon.colcon_core.shell:Creating prefix script '/home/connau/srp/birdview/install/local_setup.bash'
[0.227s] INFO:colcon.colcon_core.shell:Creating prefix chain script '/home/connau/srp/birdview/install/setup.bash'
[0.227s] INFO:colcon.colcon_core.shell:Creating prefix script '/home/connau/srp/birdview/install/local_setup.zsh'
[0.228s] INFO:colcon.colcon_core.shell:Creating prefix chain script '/home/connau/srp/birdview/install/setup.zsh'
